Archive member included because of file (symbol)

d:/materials/2nd comm/embedded system/01- imt sdk/imt_sdk_win_64/winavr/bin/../lib/gcc/avr/4.3.3/avr5\libgcc.a(_exit.o)
                              d:/materials/2nd comm/embedded system/01- imt sdk/imt_sdk_win_64/winavr/bin/../lib/gcc/avr/4.3.3/../../../../avr/lib/avr5/crtm32.o (exit)
d:/materials/2nd comm/embedded system/01- imt sdk/imt_sdk_win_64/winavr/bin/../lib/gcc/avr/4.3.3/avr5\libgcc.a(_clear_bss.o)
                              ./MEXTI_program.o (__do_clear_bss)

Memory Configuration

Name             Origin             Length             Attributes
text             0x00000000         0x00020000         xr
data             0x00800060         0x0000ffa0         rw !x
eeprom           0x00810000         0x00010000         rw !x
fuse             0x00820000         0x00000400         rw !x
lock             0x00830000         0x00000400         rw !x
signature        0x00840000         0x00000400         rw !x
*default*        0x00000000         0xffffffff

Linker script and memory map

LOAD d:/materials/2nd comm/embedded system/01- imt sdk/imt_sdk_win_64/winavr/bin/../lib/gcc/avr/4.3.3/../../../../avr/lib/avr5/crtm32.o
LOAD ./MDIO_program.o
LOAD ./MEXTI_program.o
LOAD ./MGIE_program.o
LOAD ./main.o
LOAD d:/materials/2nd comm/embedded system/01- imt sdk/imt_sdk_win_64/winavr/bin/../lib/gcc/avr/4.3.3/avr5\libgcc.a
LOAD d:/materials/2nd comm/embedded system/01- imt sdk/imt_sdk_win_64/winavr/bin/../lib/gcc/avr/4.3.3/../../../../avr/lib/avr5\libc.a
LOAD d:/materials/2nd comm/embedded system/01- imt sdk/imt_sdk_win_64/winavr/bin/../lib/gcc/avr/4.3.3/avr5\libgcc.a

.hash
 *(.hash)

.dynsym
 *(.dynsym)

.dynstr
 *(.dynstr)

.gnu.version
 *(.gnu.version)

.gnu.version_d
 *(.gnu.version_d)

.gnu.version_r
 *(.gnu.version_r)

.rel.init
 *(.rel.init)

.rela.init
 *(.rela.init)

.rel.text
 *(.rel.text)
 *(.rel.text.*)
 *(.rel.gnu.linkonce.t*)

.rela.text
 *(.rela.text)
 *(.rela.text.*)
 *(.rela.gnu.linkonce.t*)

.rel.fini
 *(.rel.fini)

.rela.fini
 *(.rela.fini)

.rel.rodata
 *(.rel.rodata)
 *(.rel.rodata.*)
 *(.rel.gnu.linkonce.r*)

.rela.rodata
 *(.rela.rodata)
 *(.rela.rodata.*)
 *(.rela.gnu.linkonce.r*)

.rel.data
 *(.rel.data)
 *(.rel.data.*)
 *(.rel.gnu.linkonce.d*)

.rela.data
 *(.rela.data)
 *(.rela.data.*)
 *(.rela.gnu.linkonce.d*)

.rel.ctors
 *(.rel.ctors)

.rela.ctors
 *(.rela.ctors)

.rel.dtors
 *(.rel.dtors)

.rela.dtors
 *(.rela.dtors)

.rel.got
 *(.rel.got)

.rela.got
 *(.rela.got)

.rel.bss
 *(.rel.bss)

.rela.bss
 *(.rela.bss)

.rel.plt
 *(.rel.plt)

.rela.plt
 *(.rela.plt)

.text           0x00000000      0xf82
 *(.vectors)
 .vectors       0x00000000       0x54 d:/materials/2nd comm/embedded system/01- imt sdk/imt_sdk_win_64/winavr/bin/../lib/gcc/avr/4.3.3/../../../../avr/lib/avr5/crtm32.o
                0x00000000                __vectors
                0x00000000                __vector_default
 *(.vectors)
 *(.progmem.gcc*)
 *(.progmem*)
                0x00000054                . = ALIGN (0x2)
                0x00000054                __trampolines_start = .
 *(.trampolines)
 .trampolines   0x00000054        0x0 linker stubs
 *(.trampolines*)
                0x00000054                __trampolines_end = .
 *(.jumptables)
 *(.jumptables*)
 *(.lowtext)
 *(.lowtext*)
                0x00000054                __ctors_start = .
 *(.ctors)
                0x00000054                __ctors_end = .
                0x00000054                __dtors_start = .
 *(.dtors)
                0x00000054                __dtors_end = .
 SORT(*)(.ctors)
 SORT(*)(.dtors)
 *(.init0)
 .init0         0x00000054        0x0 d:/materials/2nd comm/embedded system/01- imt sdk/imt_sdk_win_64/winavr/bin/../lib/gcc/avr/4.3.3/../../../../avr/lib/avr5/crtm32.o
                0x00000054                __init
 *(.init0)
 *(.init1)
 *(.init1)
 *(.init2)
 .init2         0x00000054        0xc d:/materials/2nd comm/embedded system/01- imt sdk/imt_sdk_win_64/winavr/bin/../lib/gcc/avr/4.3.3/../../../../avr/lib/avr5/crtm32.o
 *(.init2)
 *(.init3)
 *(.init3)
 *(.init4)
 .init4         0x00000060       0x10 d:/materials/2nd comm/embedded system/01- imt sdk/imt_sdk_win_64/winavr/bin/../lib/gcc/avr/4.3.3/avr5\libgcc.a(_clear_bss.o)
                0x00000060                __do_clear_bss
 *(.init4)
 *(.init5)
 *(.init5)
 *(.init6)
 *(.init6)
 *(.init7)
 *(.init7)
 *(.init8)
 *(.init8)
 *(.init9)
 .init9         0x00000070        0x8 d:/materials/2nd comm/embedded system/01- imt sdk/imt_sdk_win_64/winavr/bin/../lib/gcc/avr/4.3.3/../../../../avr/lib/avr5/crtm32.o
 *(.init9)
 *(.text)
 .text          0x00000078        0x4 d:/materials/2nd comm/embedded system/01- imt sdk/imt_sdk_win_64/winavr/bin/../lib/gcc/avr/4.3.3/../../../../avr/lib/avr5/crtm32.o
                0x00000078                __vector_12
                0x00000078                __bad_interrupt
                0x00000078                __vector_6
                0x00000078                __vector_11
                0x00000078                __vector_13
                0x00000078                __vector_17
                0x00000078                __vector_19
                0x00000078                __vector_7
                0x00000078                __vector_5
                0x00000078                __vector_4
                0x00000078                __vector_9
                0x00000078                __vector_15
                0x00000078                __vector_8
                0x00000078                __vector_14
                0x00000078                __vector_10
                0x00000078                __vector_16
                0x00000078                __vector_18
                0x00000078                __vector_20
 .text          0x0000007c        0x0 ./MDIO_program.o
 .text          0x0000007c        0x0 ./MEXTI_program.o
 .text          0x0000007c        0x0 ./MGIE_program.o
 .text          0x0000007c        0x0 ./main.o
 .text          0x0000007c        0x0 d:/materials/2nd comm/embedded system/01- imt sdk/imt_sdk_win_64/winavr/bin/../lib/gcc/avr/4.3.3/avr5\libgcc.a(_exit.o)
 .text          0x0000007c        0x0 d:/materials/2nd comm/embedded system/01- imt sdk/imt_sdk_win_64/winavr/bin/../lib/gcc/avr/4.3.3/avr5\libgcc.a(_clear_bss.o)
                0x0000007c                . = ALIGN (0x2)
 *(.text.*)
 .text.MDIO_voidSetPortDirection
                0x0000007c       0x84 ./MDIO_program.o
                0x0000007c                MDIO_voidSetPortDirection
 .text.MDIO_voidSetPortValue
                0x00000100       0x84 ./MDIO_program.o
                0x00000100                MDIO_voidSetPortValue
 .text.MDIO_voidGetPortValue
                0x00000184       0x86 ./MDIO_program.o
                0x00000184                MDIO_voidGetPortValue
 .text.MDIO_voidSetPinDirection
                0x0000020a      0x3cc ./MDIO_program.o
                0x0000020a                MDIO_voidSetPinDirection
 .text.MDIO_voidSetPinValue
                0x000005d6      0x32c ./MDIO_program.o
                0x000005d6                MDIO_voidSetPinValue
 .text.MDIO_voidGetPinValue
                0x00000902       0xfc ./MDIO_program.o
                0x00000902                MDIO_voidGetPinValue
 .text.MEXTI_voidInit
                0x000009fe      0x202 ./MEXTI_program.o
                0x000009fe                MEXTI_voidInit
 .text.MEXTI_voidEnableInterrupt
                0x00000c00       0x46 ./MEXTI_program.o
                0x00000c00                MEXTI_voidEnableInterrupt
 .text.MEXTI_voidDisableInterrupt
                0x00000c46       0x48 ./MEXTI_program.o
                0x00000c46                MEXTI_voidDisableInterrupt
 .text.MEXTI_voidSetCallback
                0x00000c8e       0x76 ./MEXTI_program.o
                0x00000c8e                MEXTI_voidSetCallback
 .text.__vector_1
                0x00000d04       0x66 ./MEXTI_program.o
                0x00000d04                __vector_1
 .text.__vector_2
                0x00000d6a       0x66 ./MEXTI_program.o
                0x00000d6a                __vector_2
 .text.__vector_3
                0x00000dd0       0x66 ./MEXTI_program.o
                0x00000dd0                __vector_3
 .text.MGIE_voidEnableGI
                0x00000e36       0x1c ./MGIE_program.o
                0x00000e36                MGIE_voidEnableGI
 .text.MGIE_voidDisableGI
                0x00000e52       0x1c ./MGIE_program.o
                0x00000e52                MGIE_voidDisableGI
 .text.main     0x00000e6e       0x58 ./main.o
                0x00000e6e                main
 .text.func1    0x00000ec6       0xb8 ./main.o
                0x00000ec6                func1
 .text.libgcc   0x00000f7e        0x0 d:/materials/2nd comm/embedded system/01- imt sdk/imt_sdk_win_64/winavr/bin/../lib/gcc/avr/4.3.3/avr5\libgcc.a(_exit.o)
 .text.libgcc   0x00000f7e        0x0 d:/materials/2nd comm/embedded system/01- imt sdk/imt_sdk_win_64/winavr/bin/../lib/gcc/avr/4.3.3/avr5\libgcc.a(_clear_bss.o)
                0x00000f7e                . = ALIGN (0x2)
 *(.fini9)
 .fini9         0x00000f7e        0x0 d:/materials/2nd comm/embedded system/01- imt sdk/imt_sdk_win_64/winavr/bin/../lib/gcc/avr/4.3.3/avr5\libgcc.a(_exit.o)
                0x00000f7e                exit
                0x00000f7e                _exit
 *(.fini9)
 *(.fini8)
 *(.fini8)
 *(.fini7)
 *(.fini7)
 *(.fini6)
 *(.fini6)
 *(.fini5)
 *(.fini5)
 *(.fini4)
 *(.fini4)
 *(.fini3)
 *(.fini3)
 *(.fini2)
 *(.fini2)
 *(.fini1)
 *(.fini1)
 *(.fini0)
 .fini0         0x00000f7e        0x4 d:/materials/2nd comm/embedded system/01- imt sdk/imt_sdk_win_64/winavr/bin/../lib/gcc/avr/4.3.3/avr5\libgcc.a(_exit.o)
 *(.fini0)
                0x00000f82                _etext = .

.data           0x00800060        0x0 load address 0x00000f82
                0x00800060                PROVIDE (__data_start, .)
 *(.data)
 .data          0x00800060        0x0 d:/materials/2nd comm/embedded system/01- imt sdk/imt_sdk_win_64/winavr/bin/../lib/gcc/avr/4.3.3/../../../../avr/lib/avr5/crtm32.o
 .data          0x00800060        0x0 ./MDIO_program.o
 .data          0x00800060        0x0 ./MEXTI_program.o
 .data          0x00800060        0x0 ./MGIE_program.o
 .data          0x00800060        0x0 ./main.o
 .data          0x00800060        0x0 d:/materials/2nd comm/embedded system/01- imt sdk/imt_sdk_win_64/winavr/bin/../lib/gcc/avr/4.3.3/avr5\libgcc.a(_exit.o)
 .data          0x00800060        0x0 d:/materials/2nd comm/embedded system/01- imt sdk/imt_sdk_win_64/winavr/bin/../lib/gcc/avr/4.3.3/avr5\libgcc.a(_clear_bss.o)
 *(.data*)
 *(.rodata)
 *(.rodata*)
 *(.gnu.linkonce.d*)
                0x00800060                . = ALIGN (0x2)
                0x00800060                _edata = .
                0x00800060                PROVIDE (__data_end, .)

.bss            0x00800060        0x8
                0x00800060                PROVIDE (__bss_start, .)
 *(.bss)
 .bss           0x00800060        0x0 d:/materials/2nd comm/embedded system/01- imt sdk/imt_sdk_win_64/winavr/bin/../lib/gcc/avr/4.3.3/../../../../avr/lib/avr5/crtm32.o
 .bss           0x00800060        0x0 ./MDIO_program.o
 .bss           0x00800060        0x0 ./MEXTI_program.o
 .bss           0x00800060        0x0 ./MGIE_program.o
 .bss           0x00800060        0x0 ./main.o
 .bss           0x00800060        0x0 d:/materials/2nd comm/embedded system/01- imt sdk/imt_sdk_win_64/winavr/bin/../lib/gcc/avr/4.3.3/avr5\libgcc.a(_exit.o)
 .bss           0x00800060        0x0 d:/materials/2nd comm/embedded system/01- imt sdk/imt_sdk_win_64/winavr/bin/../lib/gcc/avr/4.3.3/avr5\libgcc.a(_clear_bss.o)
 *(.bss*)
 .bss.MEXTI_pvoidfUserFunctionINT0
                0x00800060        0x2 ./MEXTI_program.o
 .bss.MEXTI_pvoidfUserFunctionINT1
                0x00800062        0x2 ./MEXTI_program.o
 .bss.MEXTI_pvoidfUserFunctionINT2
                0x00800064        0x2 ./MEXTI_program.o
 .bss.i.1302    0x00800066        0x2 ./main.o
 *(COMMON)
                0x00800068                PROVIDE (__bss_end, .)
                0x00000f82                __data_load_start = LOADADDR (.data)
                0x00000f82                __data_load_end = (__data_load_start + SIZEOF (.data))

.noinit         0x00800068        0x0
                0x00800068                PROVIDE (__noinit_start, .)
 *(.noinit*)
                0x00800068                PROVIDE (__noinit_end, .)
                0x00800068                _end = .
                0x00800068                PROVIDE (__heap_start, .)

.eeprom         0x00810000        0x0
 *(.eeprom*)
                0x00810000                __eeprom_end = .

.fuse
 *(.fuse)
 *(.lfuse)
 *(.hfuse)
 *(.efuse)

.lock
 *(.lock*)

.signature
 *(.signature*)

.stab           0x00000000      0xf3c
 *(.stab)
 .stab          0x00000000      0x624 ./MDIO_program.o
 .stab          0x00000624      0x3fc ./MEXTI_program.o
                                0x474 (size before relaxing)
 .stab          0x00000a20      0x144 ./MGIE_program.o
                                0x1bc (size before relaxing)
 .stab          0x00000b64      0x3d8 ./main.o
                                0x450 (size before relaxing)

.stabstr        0x00000000      0xa86
 *(.stabstr)
 .stabstr       0x00000000      0xa86 ./MDIO_program.o

.stab.excl
 *(.stab.excl)

.stab.exclstr
 *(.stab.exclstr)

.stab.index
 *(.stab.index)

.stab.indexstr
 *(.stab.indexstr)

.comment
 *(.comment)

.debug
 *(.debug)

.line
 *(.line)

.debug_srcinfo
 *(.debug_srcinfo)

.debug_sfnames
 *(.debug_sfnames)

.debug_aranges
 *(.debug_aranges)

.debug_pubnames
 *(.debug_pubnames)

.debug_info
 *(.debug_info)
 *(.gnu.linkonce.wi.*)

.debug_abbrev
 *(.debug_abbrev)

.debug_line
 *(.debug_line)

.debug_frame
 *(.debug_frame)

.debug_str
 *(.debug_str)

.debug_loc
 *(.debug_loc)

.debug_macinfo
 *(.debug_macinfo)
OUTPUT(FOUR_ISR.elf elf32-avr)
LOAD linker stubs
